======================================================================
STEPS 6 & 7: MODEL SELECTION, TRAINING & HYPERPARAMETER TUNING
======================================================================
[+] Loading processed feature partitions and labels...
    X_train shape: (234955, 57), positive rate: 4.14%
    X_val shape:   (50347, 57), positive rate: 4.14%
[+] Training candidate architectures across hyperparameter specifications...
    [1/14] Training Dummy Baseline...
        Val ROC-AUC: 0.5000 | PR-AUC: 0.0414 | Optimal F1: 0.0794 (elapsed 0.0s)
    [2/14] Training Logistic Regression (C=0.1, Balanced)...
        Val ROC-AUC: 0.9899 | PR-AUC: 0.7848 | Optimal F1: 0.7531 (elapsed 3.7s)
    [3/14] Training Logistic Regression (C=1.0, Balanced)...
        Val ROC-AUC: 0.9906 | PR-AUC: 0.7956 | Optimal F1: 0.7590 (elapsed 5.2s)
    [4/14] Training Logistic Regression (C=1.0, Unweighted)...
        Val ROC-AUC: 0.9903 | PR-AUC: 0.8162 | Optimal F1: 0.7614 (elapsed 2.9s)
    [5/14] Training SGD Classifier (ElasticNet)...
        Val ROC-AUC: 0.9887 | PR-AUC: 0.7938 | Optimal F1: 0.7514 (elapsed 1.7s)
    [6/14] Training Gaussian Naive Bayes...
        Val ROC-AUC: 0.9674 | PR-AUC: 0.4604 | Optimal F1: 0.6131 (elapsed 0.1s)
    [7/14] Training Calibrated Linear SVM...
        Val ROC-AUC: 0.9906 | PR-AUC: 0.7934 | Optimal F1: 0.7601 (elapsed 3.9s)
    [8/14] Training Decision Tree (Depth=10)...
        Val ROC-AUC: 0.9829 | PR-AUC: 0.8021 | Optimal F1: 0.7743 (elapsed 1.2s)
    [9/14] Training Random Forest (Depth=10, 100 Trees)...
        Val ROC-AUC: 0.9927 | PR-AUC: 0.8372 | Optimal F1: 0.7923 (elapsed 3.6s)
    [10/14] Training Random Forest (Depth=15, 100 Trees)...
        Val ROC-AUC: 0.9931 | PR-AUC: 0.8529 | Optimal F1: 0.8014 (elapsed 3.8s)
    [11/14] Training Extra Trees (Depth=15, 150 Trees)...
        Val ROC-AUC: 0.9923 | PR-AUC: 0.8362 | Optimal F1: 0.7847 (elapsed 4.0s)
    [12/14] Training HistGradientBoosting (lr=0.05, max_iter=150)...
        Val ROC-AUC: 0.9934 | PR-AUC: 0.8510 | Optimal F1: 0.8011 (elapsed 3.3s)
    [13/14] Training HistGradientBoosting (lr=0.10, max_iter=150)...
        Val ROC-AUC: 0.9934 | PR-AUC: 0.8512 | Optimal F1: 0.8020 (elapsed 1.8s)
    [14/14] Training Multi-Layer Perceptron (64, 32)...
        Val ROC-AUC: 0.9929 | PR-AUC: 0.8459 | Optimal F1: 0.7896 (elapsed 21.5s)
[+] Tuning results saved to: outputs/tables/model_tuning_results.csv
[+] Model training logs saved to: outputs/logs/model_training_log.csv
[+] Training configuration saved to: outputs/reproducibility/training_config.json
[+] Experiment and decision log saved to: outputs/reproducibility/experiment_log.md

STDERR
WARNING: Logging before InitGoogleLogging() is written to STDERR
W20260916 14:58:45.421859 1854795776 cpu_info.cc:239] IOError: sysctlbyname failed for 'hw.l1dcachesize'. Detail: [errno 1] Operation not permitted
W20260916 14:58:45.422012 1854795776 cpu_info.cc:239] IOError: sysctlbyname failed for 'hw.l2cachesize'. Detail: [errno 1] Operation not permitted
W20260916 14:58:45.422086 1854795776 cpu_info.cc:239] IOError: sysctlbyname failed for 'hw.l3cachesize'. Detail: [errno 1] Operation not permitted
W20260916 14:58:45.422148 1854795776 cpu_info.cc:239] IOError: sysctlbyname failed for 'hw.optional.neon'. Detail: [errno 1] Operation not permitted
/opt/anaconda3/lib/python3.13/site-packages/joblib/externals/loky/backend/context.py:136: UserWarning: Could not find the number of physical cores for the following reason:
invalid literal for int() with base 10: ''
Returning the number of logical cores instead. You can silence this warning by setting LOKY_MAX_CPU_COUNT to the number of cores you want to use.
  warnings.warn(
  File "/opt/anaconda3/lib/python3.13/site-packages/joblib/externals/loky/backend/context.py", line 276, in _count_physical_cores
    cpu_count_physical = int(cpu_info)
